{
    "ok": true,
    "canvas": {
        "id": "C061EG9SL3D",
        "title": "My Test Canvas",
        "content": "Hello, world!"
    }
}
